C:\Users\shanm\AppData\Local\Programs\Python\Python311\Lib\site-packages\pydantic\_internal\_fields.py:149: UserWarning: Field "model_name" has conflict with protected namespace "model_".

You may be able to resolve this warning by setting `model_config['protected_namespaces'] = ()`.
  warnings.warn(
C:\Users\shanm\AppData\Local\Programs\Python\Python311\Lib\site-packages\pydantic\_internal\_fields.py:184: UserWarning: Field name "schema" shadows an attribute in parent "BaseModel"; 
  warnings.warn(
Stage-based URI models:/cpu_forecast/Production not resolvable under this MLflow version; loaded models:/cpu_forecast@champion instead.
C:\Users\shanm\AppData\Local\Programs\Python\Python311\Lib\site-packages\sklearn\base.py:442: InconsistentVersionWarning: Trying to unpickle estimator TfidfTransformer from version 1.6.1 when using version 1.7.1. This might lead to breaking code or invalid results. Use at your own risk. For more info please refer to:
https://scikit-learn.org/stable/model_persistence.html#security-maintainability-limitations
  warnings.warn(
C:\Users\shanm\AppData\Local\Programs\Python\Python311\Lib\site-packages\sklearn\base.py:442: InconsistentVersionWarning: Trying to unpickle estimator TfidfVectorizer from version 1.6.1 when using version 1.7.1. This might lead to breaking code or invalid results. Use at your own risk. For more info please refer to:
https://scikit-learn.org/stable/model_persistence.html#security-maintainability-limitations
  warnings.warn(
INFO:     Started server process [25380]
INFO:     Waiting for application startup.
INFO:     Application startup complete.
INFO:     Uvicorn running on http://0.0.0.0:8000 (Press CTRL+C to quit)
D:\ml project -mlflow-models comp\src\forecasting\features.py:31: FutureWarning: DataFrameGroupBy.apply operated on the grouping columns. This behavior is deprecated, and in a future version of pandas the grouping columns will be excluded from the operation. Either pass `include_groups=False` to exclude the groupings or explicitly select the grouping columns after groupby to silence this warning.
  df = df.groupby("server_id", group_keys=False).apply(lambda g: _lag_features(g, "cpu_utilization", lag_cols))
D:\ml project -mlflow-models comp\src\forecasting\features.py:32: FutureWarning: DataFrameGroupBy.apply operated on the grouping columns. This behavior is deprecated, and in a future version of pandas the grouping columns will be excluded from the operation. Either pass `include_groups=False` to exclude the groupings or explicitly select the grouping columns after groupby to silence this warning.
  df = df.groupby("server_id", group_keys=False).apply(lambda g: _rolling_features(g, "cpu_utilization", roll_windows))
D:\ml project -mlflow-models comp\src\forecasting\features.py:31: FutureWarning: DataFrameGroupBy.apply operated on the grouping columns. This behavior is deprecated, and in a future version of pandas the grouping columns will be excluded from the operation. Either pass `include_groups=False` to exclude the groupings or explicitly select the grouping columns after groupby to silence this warning.
  df = df.groupby("server_id", group_keys=False).apply(lambda g: _lag_features(g, "cpu_utilization", lag_cols))
D:\ml project -mlflow-models comp\src\forecasting\features.py:32: FutureWarning: DataFrameGroupBy.apply operated on the grouping columns. This behavior is deprecated, and in a future version of pandas the grouping columns will be excluded from the operation. Either pass `include_groups=False` to exclude the groupings or explicitly select the grouping columns after groupby to silence this warning.
  df = df.groupby("server_id", group_keys=False).apply(lambda g: _rolling_features(g, "cpu_utilization", roll_windows))
D:\ml project -mlflow-models comp\src\forecasting\features.py:31: FutureWarning: DataFrameGroupBy.apply operated on the grouping columns. This behavior is deprecated, and in a future version of pandas the grouping columns will be excluded from the operation. Either pass `include_groups=False` to exclude the groupings or explicitly select the grouping columns after groupby to silence this warning.
  df = df.groupby("server_id", group_keys=False).apply(lambda g: _lag_features(g, "cpu_utilization", lag_cols))
D:\ml project -mlflow-models comp\src\forecasting\features.py:32: FutureWarning: DataFrameGroupBy.apply operated on the grouping columns. This behavior is deprecated, and in a future version of pandas the grouping columns will be excluded from the operation. Either pass `include_groups=False` to exclude the groupings or explicitly select the grouping columns after groupby to silence this warning.
  df = df.groupby("server_id", group_keys=False).apply(lambda g: _rolling_features(g, "cpu_utilization", roll_windows))
D:\ml project -mlflow-models comp\src\forecasting\features.py:31: FutureWarning: DataFrameGroupBy.apply operated on the grouping columns. This behavior is deprecated, and in a future version of pandas the grouping columns will be excluded from the operation. Either pass `include_groups=False` to exclude the groupings or explicitly select the grouping columns after groupby to silence this warning.
  df = df.groupby("server_id", group_keys=False).apply(lambda g: _lag_features(g, "cpu_utilization", lag_cols))
D:\ml project -mlflow-models comp\src\forecasting\features.py:32: FutureWarning: DataFrameGroupBy.apply operated on the grouping columns. This behavior is deprecated, and in a future version of pandas the grouping columns will be excluded from the operation. Either pass `include_groups=False` to exclude the groupings or explicitly select the grouping columns after groupby to silence this warning.
  df = df.groupby("server_id", group_keys=False).apply(lambda g: _rolling_features(g, "cpu_utilization", roll_windows))
D:\ml project -mlflow-models comp\src\forecasting\features.py:31: FutureWarning: DataFrameGroupBy.apply operated on the grouping columns. This behavior is deprecated, and in a future version of pandas the grouping columns will be excluded from the operation. Either pass `include_groups=False` to exclude the groupings or explicitly select the grouping columns after groupby to silence this warning.
  df = df.groupby("server_id", group_keys=False).apply(lambda g: _lag_features(g, "cpu_utilization", lag_cols))
D:\ml project -mlflow-models comp\src\forecasting\features.py:32: FutureWarning: DataFrameGroupBy.apply operated on the grouping columns. This behavior is deprecated, and in a future version of pandas the grouping columns will be excluded from the operation. Either pass `include_groups=False` to exclude the groupings or explicitly select the grouping columns after groupby to silence this warning.
  df = df.groupby("server_id", group_keys=False).apply(lambda g: _rolling_features(g, "cpu_utilization", roll_windows))
D:\ml project -mlflow-models comp\src\forecasting\features.py:31: FutureWarning: DataFrameGroupBy.apply operated on the grouping columns. This behavior is deprecated, and in a future version of pandas the grouping columns will be excluded from the operation. Either pass `include_groups=False` to exclude the groupings or explicitly select the grouping columns after groupby to silence this warning.
  df = df.groupby("server_id", group_keys=False).apply(lambda g: _lag_features(g, "cpu_utilization", lag_cols))
D:\ml project -mlflow-models comp\src\forecasting\features.py:32: FutureWarning: DataFrameGroupBy.apply operated on the grouping columns. This behavior is deprecated, and in a future version of pandas the grouping columns will be excluded from the operation. Either pass `include_groups=False` to exclude the groupings or explicitly select the grouping columns after groupby to silence this warning.
  df = df.groupby("server_id", group_keys=False).apply(lambda g: _rolling_features(g, "cpu_utilization", roll_windows))
D:\ml project -mlflow-models comp\src\forecasting\features.py:31: FutureWarning: DataFrameGroupBy.apply operated on the grouping columns. This behavior is deprecated, and in a future version of pandas the grouping columns will be excluded from the operation. Either pass `include_groups=False` to exclude the groupings or explicitly select the grouping columns after groupby to silence this warning.
  df = df.groupby("server_id", group_keys=False).apply(lambda g: _lag_features(g, "cpu_utilization", lag_cols))
D:\ml project -mlflow-models comp\src\forecasting\features.py:32: FutureWarning: DataFrameGroupBy.apply operated on the grouping columns. This behavior is deprecated, and in a future version of pandas the grouping columns will be excluded from the operation. Either pass `include_groups=False` to exclude the groupings or explicitly select the grouping columns after groupby to silence this warning.
  df = df.groupby("server_id", group_keys=False).apply(lambda g: _rolling_features(g, "cpu_utilization", roll_windows))
D:\ml project -mlflow-models comp\src\forecasting\features.py:31: FutureWarning: DataFrameGroupBy.apply operated on the grouping columns. This behavior is deprecated, and in a future version of pandas the grouping columns will be excluded from the operation. Either pass `include_groups=False` to exclude the groupings or explicitly select the grouping columns after groupby to silence this warning.
  df = df.groupby("server_id", group_keys=False).apply(lambda g: _lag_features(g, "cpu_utilization", lag_cols))
D:\ml project -mlflow-models comp\src\forecasting\features.py:32: FutureWarning: DataFrameGroupBy.apply operated on the grouping columns. This behavior is deprecated, and in a future version of pandas the grouping columns will be excluded from the operation. Either pass `include_groups=False` to exclude the groupings or explicitly select the grouping columns after groupby to silence this warning.
  df = df.groupby("server_id", group_keys=False).apply(lambda g: _rolling_features(g, "cpu_utilization", roll_windows))
C:\Users\shanm\AppData\Local\Programs\Python\Python311\Lib\site-packages\statsmodels\tsa\base\tsa_model.py:473: ValueWarning: An unsupported index was provided. As a result, forecasts cannot be generated. To use the model for forecasting, use one of the supported classes of index.
  self._init_dates(dates, freq)
C:\Users\shanm\AppData\Local\Programs\Python\Python311\Lib\site-packages\statsmodels\tsa\base\tsa_model.py:473: ValueWarning: An unsupported index was provided. As a result, forecasts cannot be generated. To use the model for forecasting, use one of the supported classes of index.
  self._init_dates(dates, freq)
C:\Users\shanm\AppData\Local\Programs\Python\Python311\Lib\site-packages\statsmodels\tsa\base\tsa_model.py:473: ValueWarning: An unsupported index was provided. As a result, forecasts cannot be generated. To use the model for forecasting, use one of the supported classes of index.
  self._init_dates(dates, freq)
C:\Users\shanm\AppData\Local\Programs\Python\Python311\Lib\site-packages\statsmodels\tsa\base\tsa_model.py:473: ValueWarning: An unsupported index was provided. As a result, forecasts cannot be generated. To use the model for forecasting, use one of the supported classes of index.
  self._init_dates(dates, freq)
C:\Users\shanm\AppData\Local\Programs\Python\Python311\Lib\site-packages\statsmodels\tsa\base\tsa_model.py:473: ValueWarning: An unsupported index was provided. As a result, forecasts cannot be generated. To use the model for forecasting, use one of the supported classes of index.
  self._init_dates(dates, freq)
C:\Users\shanm\AppData\Local\Programs\Python\Python311\Lib\site-packages\statsmodels\tsa\base\tsa_model.py:473: ValueWarning: An unsupported index was provided. As a result, forecasts cannot be generated. To use the model for forecasting, use one of the supported classes of index.
  self._init_dates(dates, freq)
C:\Users\shanm\AppData\Local\Programs\Python\Python311\Lib\site-packages\statsmodels\tsa\base\tsa_model.py:473: ValueWarning: An unsupported index was provided. As a result, forecasts cannot be generated. To use the model for forecasting, use one of the supported classes of index.
  self._init_dates(dates, freq)
C:\Users\shanm\AppData\Local\Programs\Python\Python311\Lib\site-packages\statsmodels\tsa\base\tsa_model.py:473: ValueWarning: An unsupported index was provided. As a result, forecasts cannot be generated. To use the model for forecasting, use one of the supported classes of index.
  self._init_dates(dates, freq)
C:\Users\shanm\AppData\Local\Programs\Python\Python311\Lib\site-packages\statsmodels\tsa\base\tsa_model.py:473: ValueWarning: An unsupported index was provided. As a result, forecasts cannot be generated. To use the model for forecasting, use one of the supported classes of index.
  self._init_dates(dates, freq)
C:\Users\shanm\AppData\Local\Programs\Python\Python311\Lib\site-packages\statsmodels\tsa\base\tsa_model.py:473: ValueWarning: An unsupported index was provided. As a result, forecasts cannot be generated. To use the model for forecasting, use one of the supported classes of index.
  self._init_dates(dates, freq)
C:\Users\shanm\AppData\Local\Programs\Python\Python311\Lib\site-packages\statsmodels\tsa\base\tsa_model.py:473: ValueWarning: An unsupported index was provided. As a result, forecasts cannot be generated. To use the model for forecasting, use one of the supported classes of index.
  self._init_dates(dates, freq)
C:\Users\shanm\AppData\Local\Programs\Python\Python311\Lib\site-packages\statsmodels\tsa\base\tsa_model.py:473: ValueWarning: An unsupported index was provided. As a result, forecasts cannot be generated. To use the model for forecasting, use one of the supported classes of index.
  self._init_dates(dates, freq)
C:\Users\shanm\AppData\Local\Programs\Python\Python311\Lib\site-packages\statsmodels\tsa\base\tsa_model.py:473: ValueWarning: An unsupported index was provided. As a result, forecasts cannot be generated. To use the model for forecasting, use one of the supported classes of index.
  self._init_dates(dates, freq)
C:\Users\shanm\AppData\Local\Programs\Python\Python311\Lib\site-packages\statsmodels\tsa\base\tsa_model.py:473: ValueWarning: An unsupported index was provided. As a result, forecasts cannot be generated. To use the model for forecasting, use one of the supported classes of index.
  self._init_dates(dates, freq)
C:\Users\shanm\AppData\Local\Programs\Python\Python311\Lib\site-packages\statsmodels\tsa\base\tsa_model.py:473: ValueWarning: An unsupported index was provided. As a result, forecasts cannot be generated. To use the model for forecasting, use one of the supported classes of index.
  self._init_dates(dates, freq)
C:\Users\shanm\AppData\Local\Programs\Python\Python311\Lib\site-packages\statsmodels\tsa\base\tsa_model.py:473: ValueWarning: An unsupported index was provided. As a result, forecasts cannot be generated. To use the model for forecasting, use one of the supported classes of index.
  self._init_dates(dates, freq)
C:\Users\shanm\AppData\Local\Programs\Python\Python311\Lib\site-packages\statsmodels\tsa\base\tsa_model.py:473: ValueWarning: An unsupported index was provided. As a result, forecasts cannot be generated. To use the model for forecasting, use one of the supported classes of index.
  self._init_dates(dates, freq)
C:\Users\shanm\AppData\Local\Programs\Python\Python311\Lib\site-packages\statsmodels\tsa\base\tsa_model.py:473: ValueWarning: An unsupported index was provided. As a result, forecasts cannot be generated. To use the model for forecasting, use one of the supported classes of index.
  self._init_dates(dates, freq)
C:\Users\shanm\AppData\Local\Programs\Python\Python311\Lib\site-packages\statsmodels\tsa\base\tsa_model.py:473: ValueWarning: An unsupported index was provided. As a result, forecasts cannot be generated. To use the model for forecasting, use one of the supported classes of index.
  self._init_dates(dates, freq)
C:\Users\shanm\AppData\Local\Programs\Python\Python311\Lib\site-packages\statsmodels\tsa\base\tsa_model.py:473: ValueWarning: An unsupported index was provided. As a result, forecasts cannot be generated. To use the model for forecasting, use one of the supported classes of index.
  self._init_dates(dates, freq)
C:\Users\shanm\AppData\Local\Programs\Python\Python311\Lib\site-packages\statsmodels\tsa\base\tsa_model.py:473: ValueWarning: An unsupported index was provided. As a result, forecasts cannot be generated. To use the model for forecasting, use one of the supported classes of index.
  self._init_dates(dates, freq)
C:\Users\shanm\AppData\Local\Programs\Python\Python311\Lib\site-packages\statsmodels\tsa\base\tsa_model.py:473: ValueWarning: An unsupported index was provided. As a result, forecasts cannot be generated. To use the model for forecasting, use one of the supported classes of index.
  self._init_dates(dates, freq)
C:\Users\shanm\AppData\Local\Programs\Python\Python311\Lib\site-packages\statsmodels\tsa\base\tsa_model.py:473: ValueWarning: An unsupported index was provided. As a result, forecasts cannot be generated. To use the model for forecasting, use one of the supported classes of index.
  self._init_dates(dates, freq)
C:\Users\shanm\AppData\Local\Programs\Python\Python311\Lib\site-packages\statsmodels\tsa\base\tsa_model.py:473: ValueWarning: An unsupported index was provided. As a result, forecasts cannot be generated. To use the model for forecasting, use one of the supported classes of index.
  self._init_dates(dates, freq)
C:\Users\shanm\AppData\Local\Programs\Python\Python311\Lib\site-packages\statsmodels\tsa\base\tsa_model.py:473: ValueWarning: An unsupported index was provided. As a result, forecasts cannot be generated. To use the model for forecasting, use one of the supported classes of index.
  self._init_dates(dates, freq)
C:\Users\shanm\AppData\Local\Programs\Python\Python311\Lib\site-packages\statsmodels\tsa\base\tsa_model.py:473: ValueWarning: An unsupported index was provided. As a result, forecasts cannot be generated. To use the model for forecasting, use one of the supported classes of index.
  self._init_dates(dates, freq)
C:\Users\shanm\AppData\Local\Programs\Python\Python311\Lib\site-packages\statsmodels\tsa\base\tsa_model.py:473: ValueWarning: An unsupported index was provided. As a result, forecasts cannot be generated. To use the model for forecasting, use one of the supported classes of index.
  self._init_dates(dates, freq)
C:\Users\shanm\AppData\Local\Programs\Python\Python311\Lib\site-packages\statsmodels\tsa\base\tsa_model.py:837: ValueWarning: No supported index is available. Prediction results will be given with an integer index beginning at `start`.
  return get_prediction_index(
C:\Users\shanm\AppData\Local\Programs\Python\Python311\Lib\site-packages\statsmodels\tsa\base\tsa_model.py:837: FutureWarning: No supported index is available. In the next version, calling this method in a model without a supported index will result in an exception.
  return get_prediction_index(
C:\Users\shanm\AppData\Local\Programs\Python\Python311\Lib\site-packages\statsmodels\tsa\base\tsa_model.py:837: ValueWarning: No supported index is available. Prediction results will be given with an integer index beginning at `start`.
  return get_prediction_index(
C:\Users\shanm\AppData\Local\Programs\Python\Python311\Lib\site-packages\statsmodels\tsa\base\tsa_model.py:837: ValueWarning: No supported index is available. Prediction results will be given with an integer index beginning at `start`.
  return get_prediction_index(
C:\Users\shanm\AppData\Local\Programs\Python\Python311\Lib\site-packages\statsmodels\tsa\base\tsa_model.py:837: ValueWarning: No supported index is available. Prediction results will be given with an integer index beginning at `start`.
  return get_prediction_index(
C:\Users\shanm\AppData\Local\Programs\Python\Python311\Lib\site-packages\statsmodels\tsa\base\tsa_model.py:837: ValueWarning: No supported index is available. Prediction results will be given with an integer index beginning at `start`.
  return get_prediction_index(
C:\Users\shanm\AppData\Local\Programs\Python\Python311\Lib\site-packages\statsmodels\tsa\base\tsa_model.py:837: ValueWarning: No supported index is available. Prediction results will be given with an integer index beginning at `start`.
  return get_prediction_index(
C:\Users\shanm\AppData\Local\Programs\Python\Python311\Lib\site-packages\statsmodels\tsa\base\tsa_model.py:837: ValueWarning: No supported index is available. Prediction results will be given with an integer index beginning at `start`.
  return get_prediction_index(
C:\Users\shanm\AppData\Local\Programs\Python\Python311\Lib\site-packages\statsmodels\tsa\base\tsa_model.py:837: ValueWarning: No supported index is available. Prediction results will be given with an integer index beginning at `start`.
  return get_prediction_index(
C:\Users\shanm\AppData\Local\Programs\Python\Python311\Lib\site-packages\statsmodels\tsa\base\tsa_model.py:837: ValueWarning: No supported index is available. Prediction results will be given with an integer index beginning at `start`.
  return get_prediction_index(
D:\ml project -mlflow-models comp\src\forecasting\features.py:31: FutureWarning: DataFrameGroupBy.apply operated on the grouping columns. This behavior is deprecated, and in a future version of pandas the grouping columns will be excluded from the operation. Either pass `include_groups=False` to exclude the groupings or explicitly select the grouping columns after groupby to silence this warning.
  df = df.groupby("server_id", group_keys=False).apply(lambda g: _lag_features(g, "cpu_utilization", lag_cols))
D:\ml project -mlflow-models comp\src\forecasting\features.py:32: FutureWarning: DataFrameGroupBy.apply operated on the grouping columns. This behavior is deprecated, and in a future version of pandas the grouping columns will be excluded from the operation. Either pass `include_groups=False` to exclude the groupings or explicitly select the grouping columns after groupby to silence this warning.
  df = df.groupby("server_id", group_keys=False).apply(lambda g: _rolling_features(g, "cpu_utilization", roll_windows))
C:\Users\shanm\AppData\Local\Programs\Python\Python311\Lib\site-packages\statsmodels\tsa\base\tsa_model.py:473: ValueWarning: An unsupported index was provided. As a result, forecasts cannot be generated. To use the model for forecasting, use one of the supported classes of index.
  self._init_dates(dates, freq)
C:\Users\shanm\AppData\Local\Programs\Python\Python311\Lib\site-packages\statsmodels\tsa\base\tsa_model.py:473: ValueWarning: An unsupported index was provided. As a result, forecasts cannot be generated. To use the model for forecasting, use one of the supported classes of index.
  self._init_dates(dates, freq)
C:\Users\shanm\AppData\Local\Programs\Python\Python311\Lib\site-packages\statsmodels\tsa\base\tsa_model.py:473: ValueWarning: An unsupported index was provided. As a result, forecasts cannot be generated. To use the model for forecasting, use one of the supported classes of index.
  self._init_dates(dates, freq)
C:\Users\shanm\AppData\Local\Programs\Python\Python311\Lib\site-packages\statsmodels\tsa\base\tsa_model.py:473: ValueWarning: An unsupported index was provided. As a result, forecasts cannot be generated. To use the model for forecasting, use one of the supported classes of index.
  self._init_dates(dates, freq)
C:\Users\shanm\AppData\Local\Programs\Python\Python311\Lib\site-packages\statsmodels\base\model.py:607: ConvergenceWarning: Maximum Likelihood optimization failed to converge. Check mle_retvals
  warnings.warn("Maximum Likelihood optimization failed to "
C:\Users\shanm\AppData\Local\Programs\Python\Python311\Lib\site-packages\statsmodels\tsa\base\tsa_model.py:473: ValueWarning: An unsupported index was provided. As a result, forecasts cannot be generated. To use the model for forecasting, use one of the supported classes of index.
  self._init_dates(dates, freq)
C:\Users\shanm\AppData\Local\Programs\Python\Python311\Lib\site-packages\statsmodels\tsa\base\tsa_model.py:473: ValueWarning: An unsupported index was provided. As a result, forecasts cannot be generated. To use the model for forecasting, use one of the supported classes of index.
  self._init_dates(dates, freq)
C:\Users\shanm\AppData\Local\Programs\Python\Python311\Lib\site-packages\statsmodels\base\model.py:607: ConvergenceWarning: Maximum Likelihood optimization failed to converge. Check mle_retvals
  warnings.warn("Maximum Likelihood optimization failed to "
C:\Users\shanm\AppData\Local\Programs\Python\Python311\Lib\site-packages\statsmodels\tsa\base\tsa_model.py:473: ValueWarning: An unsupported index was provided. As a result, forecasts cannot be generated. To use the model for forecasting, use one of the supported classes of index.
  self._init_dates(dates, freq)
C:\Users\shanm\AppData\Local\Programs\Python\Python311\Lib\site-packages\statsmodels\tsa\base\tsa_model.py:473: ValueWarning: An unsupported index was provided. As a result, forecasts cannot be generated. To use the model for forecasting, use one of the supported classes of index.
  self._init_dates(dates, freq)
C:\Users\shanm\AppData\Local\Programs\Python\Python311\Lib\site-packages\statsmodels\tsa\base\tsa_model.py:473: ValueWarning: An unsupported index was provided. As a result, forecasts cannot be generated. To use the model for forecasting, use one of the supported classes of index.
  self._init_dates(dates, freq)
C:\Users\shanm\AppData\Local\Programs\Python\Python311\Lib\site-packages\statsmodels\tsa\base\tsa_model.py:473: ValueWarning: An unsupported index was provided. As a result, forecasts cannot be generated. To use the model for forecasting, use one of the supported classes of index.
  self._init_dates(dates, freq)
C:\Users\shanm\AppData\Local\Programs\Python\Python311\Lib\site-packages\statsmodels\tsa\base\tsa_model.py:473: ValueWarning: An unsupported index was provided. As a result, forecasts cannot be generated. To use the model for forecasting, use one of the supported classes of index.
  self._init_dates(dates, freq)
C:\Users\shanm\AppData\Local\Programs\Python\Python311\Lib\site-packages\statsmodels\tsa\base\tsa_model.py:473: ValueWarning: An unsupported index was provided. As a result, forecasts cannot be generated. To use the model for forecasting, use one of the supported classes of index.
  self._init_dates(dates, freq)
C:\Users\shanm\AppData\Local\Programs\Python\Python311\Lib\site-packages\statsmodels\tsa\base\tsa_model.py:473: ValueWarning: An unsupported index was provided. As a result, forecasts cannot be generated. To use the model for forecasting, use one of the supported classes of index.
  self._init_dates(dates, freq)
C:\Users\shanm\AppData\Local\Programs\Python\Python311\Lib\site-packages\statsmodels\tsa\base\tsa_model.py:473: ValueWarning: An unsupported index was provided. As a result, forecasts cannot be generated. To use the model for forecasting, use one of the supported classes of index.
  self._init_dates(dates, freq)
C:\Users\shanm\AppData\Local\Programs\Python\Python311\Lib\site-packages\statsmodels\tsa\base\tsa_model.py:473: ValueWarning: An unsupported index was provided. As a result, forecasts cannot be generated. To use the model for forecasting, use one of the supported classes of index.
  self._init_dates(dates, freq)
C:\Users\shanm\AppData\Local\Programs\Python\Python311\Lib\site-packages\statsmodels\tsa\base\tsa_model.py:473: ValueWarning: An unsupported index was provided. As a result, forecasts cannot be generated. To use the model for forecasting, use one of the supported classes of index.
  self._init_dates(dates, freq)
C:\Users\shanm\AppData\Local\Programs\Python\Python311\Lib\site-packages\statsmodels\tsa\base\tsa_model.py:473: ValueWarning: An unsupported index was provided. As a result, forecasts cannot be generated. To use the model for forecasting, use one of the supported classes of index.
  self._init_dates(dates, freq)
C:\Users\shanm\AppData\Local\Programs\Python\Python311\Lib\site-packages\statsmodels\tsa\base\tsa_model.py:473: ValueWarning: An unsupported index was provided. As a result, forecasts cannot be generated. To use the model for forecasting, use one of the supported classes of index.
  self._init_dates(dates, freq)
C:\Users\shanm\AppData\Local\Programs\Python\Python311\Lib\site-packages\statsmodels\tsa\base\tsa_model.py:837: ValueWarning: No supported index is available. Prediction results will be given with an integer index beginning at `start`.
  return get_prediction_index(
C:\Users\shanm\AppData\Local\Programs\Python\Python311\Lib\site-packages\statsmodels\tsa\base\tsa_model.py:837: FutureWarning: No supported index is available. In the next version, calling this method in a model without a supported index will result in an exception.
  return get_prediction_index(
C:\Users\shanm\AppData\Local\Programs\Python\Python311\Lib\site-packages\statsmodels\tsa\base\tsa_model.py:837: ValueWarning: No supported index is available. Prediction results will be given with an integer index beginning at `start`.
  return get_prediction_index(
C:\Users\shanm\AppData\Local\Programs\Python\Python311\Lib\site-packages\statsmodels\tsa\base\tsa_model.py:837: ValueWarning: No supported index is available. Prediction results will be given with an integer index beginning at `start`.
  return get_prediction_index(
C:\Users\shanm\AppData\Local\Programs\Python\Python311\Lib\site-packages\statsmodels\tsa\base\tsa_model.py:837: ValueWarning: No supported index is available. Prediction results will be given with an integer index beginning at `start`.
  return get_prediction_index(
C:\Users\shanm\AppData\Local\Programs\Python\Python311\Lib\site-packages\statsmodels\tsa\base\tsa_model.py:837: ValueWarning: No supported index is available. Prediction results will be given with an integer index beginning at `start`.
  return get_prediction_index(
C:\Users\shanm\AppData\Local\Programs\Python\Python311\Lib\site-packages\statsmodels\tsa\base\tsa_model.py:837: ValueWarning: No supported index is available. Prediction results will be given with an integer index beginning at `start`.
  return get_prediction_index(
C:\Users\shanm\AppData\Local\Programs\Python\Python311\Lib\site-packages\statsmodels\tsa\base\tsa_model.py:837: ValueWarning: No supported index is available. Prediction results will be given with an integer index beginning at `start`.
  return get_prediction_index(
C:\Users\shanm\AppData\Local\Programs\Python\Python311\Lib\site-packages\statsmodels\tsa\base\tsa_model.py:837: ValueWarning: No supported index is available. Prediction results will be given with an integer index beginning at `start`.
  return get_prediction_index(
C:\Users\shanm\AppData\Local\Programs\Python\Python311\Lib\site-packages\statsmodels\tsa\base\tsa_model.py:837: ValueWarning: No supported index is available. Prediction results will be given with an integer index beginning at `start`.
  return get_prediction_index(
D:\ml project -mlflow-models comp\src\forecasting\features.py:31: FutureWarning: DataFrameGroupBy.apply operated on the grouping columns. This behavior is deprecated, and in a future version of pandas the grouping columns will be excluded from the operation. Either pass `include_groups=False` to exclude the groupings or explicitly select the grouping columns after groupby to silence this warning.
  df = df.groupby("server_id", group_keys=False).apply(lambda g: _lag_features(g, "cpu_utilization", lag_cols))
D:\ml project -mlflow-models comp\src\forecasting\features.py:32: FutureWarning: DataFrameGroupBy.apply operated on the grouping columns. This behavior is deprecated, and in a future version of pandas the grouping columns will be excluded from the operation. Either pass `include_groups=False` to exclude the groupings or explicitly select the grouping columns after groupby to silence this warning.
  df = df.groupby("server_id", group_keys=False).apply(lambda g: _rolling_features(g, "cpu_utilization", roll_windows))
2026/07/28 15:01:49 WARNING mlflow.models.model: `artifact_path` is deprecated. Please use `name` instead.
Registered model 'cpu_forecast' already exists. Creating a new version of this model...
Created version '54' of model 'cpu_forecast'.
D:\ml project -mlflow-models comp\src\forecasting\features.py:31: FutureWarning: DataFrameGroupBy.apply operated on the grouping columns. This behavior is deprecated, and in a future version of pandas the grouping columns will be excluded from the operation. Either pass `include_groups=False` to exclude the groupings or explicitly select the grouping columns after groupby to silence this warning.
  df = df.groupby("server_id", group_keys=False).apply(lambda g: _lag_features(g, "cpu_utilization", lag_cols))
D:\ml project -mlflow-models comp\src\forecasting\features.py:32: FutureWarning: DataFrameGroupBy.apply operated on the grouping columns. This behavior is deprecated, and in a future version of pandas the grouping columns will be excluded from the operation. Either pass `include_groups=False` to exclude the groupings or explicitly select the grouping columns after groupby to silence this warning.
  df = df.groupby("server_id", group_keys=False).apply(lambda g: _rolling_features(g, "cpu_utilization", roll_windows))
D:\ml project -mlflow-models comp\src\forecasting\features.py:31: FutureWarning: DataFrameGroupBy.apply operated on the grouping columns. This behavior is deprecated, and in a future version of pandas the grouping columns will be excluded from the operation. Either pass `include_groups=False` to exclude the groupings or explicitly select the grouping columns after groupby to silence this warning.
  df = df.groupby("server_id", group_keys=False).apply(lambda g: _lag_features(g, "cpu_utilization", lag_cols))
D:\ml project -mlflow-models comp\src\forecasting\features.py:32: FutureWarning: DataFrameGroupBy.apply operated on the grouping columns. This behavior is deprecated, and in a future version of pandas the grouping columns will be excluded from the operation. Either pass `include_groups=False` to exclude the groupings or explicitly select the grouping columns after groupby to silence this warning.
  df = df.groupby("server_id", group_keys=False).apply(lambda g: _rolling_features(g, "cpu_utilization", roll_windows))
D:\ml project -mlflow-models comp\src\forecasting\features.py:31: FutureWarning: DataFrameGroupBy.apply operated on the grouping columns. This behavior is deprecated, and in a future version of pandas the grouping columns will be excluded from the operation. Either pass `include_groups=False` to exclude the groupings or explicitly select the grouping columns after groupby to silence this warning.
  df = df.groupby("server_id", group_keys=False).apply(lambda g: _lag_features(g, "cpu_utilization", lag_cols))
D:\ml project -mlflow-models comp\src\forecasting\features.py:32: FutureWarning: DataFrameGroupBy.apply operated on the grouping columns. This behavior is deprecated, and in a future version of pandas the grouping columns will be excluded from the operation. Either pass `include_groups=False` to exclude the groupings or explicitly select the grouping columns after groupby to silence this warning.
  df = df.groupby("server_id", group_keys=False).apply(lambda g: _rolling_features(g, "cpu_utilization", roll_windows))
D:\ml project -mlflow-models comp\src\forecasting\features.py:31: FutureWarning: DataFrameGroupBy.apply operated on the grouping columns. This behavior is deprecated, and in a future version of pandas the grouping columns will be excluded from the operation. Either pass `include_groups=False` to exclude the groupings or explicitly select the grouping columns after groupby to silence this warning.
  df = df.groupby("server_id", group_keys=False).apply(lambda g: _lag_features(g, "cpu_utilization", lag_cols))
D:\ml project -mlflow-models comp\src\forecasting\features.py:32: FutureWarning: DataFrameGroupBy.apply operated on the grouping columns. This behavior is deprecated, and in a future version of pandas the grouping columns will be excluded from the operation. Either pass `include_groups=False` to exclude the groupings or explicitly select the grouping columns after groupby to silence this warning.
  df = df.groupby("server_id", group_keys=False).apply(lambda g: _rolling_features(g, "cpu_utilization", roll_windows))
D:\ml project -mlflow-models comp\src\forecasting\features.py:31: FutureWarning: DataFrameGroupBy.apply operated on the grouping columns. This behavior is deprecated, and in a future version of pandas the grouping columns will be excluded from the operation. Either pass `include_groups=False` to exclude the groupings or explicitly select the grouping columns after groupby to silence this warning.
  df = df.groupby("server_id", group_keys=False).apply(lambda g: _lag_features(g, "cpu_utilization", lag_cols))
D:\ml project -mlflow-models comp\src\forecasting\features.py:32: FutureWarning: DataFrameGroupBy.apply operated on the grouping columns. This behavior is deprecated, and in a future version of pandas the grouping columns will be excluded from the operation. Either pass `include_groups=False` to exclude the groupings or explicitly select the grouping columns after groupby to silence this warning.
  df = df.groupby("server_id", group_keys=False).apply(lambda g: _rolling_features(g, "cpu_utilization", roll_windows))
D:\ml project -mlflow-models comp\src\forecasting\features.py:31: FutureWarning: DataFrameGroupBy.apply operated on the grouping columns. This behavior is deprecated, and in a future version of pandas the grouping columns will be excluded from the operation. Either pass `include_groups=False` to exclude the groupings or explicitly select the grouping columns after groupby to silence this warning.
  df = df.groupby("server_id", group_keys=False).apply(lambda g: _lag_features(g, "cpu_utilization", lag_cols))
D:\ml project -mlflow-models comp\src\forecasting\features.py:32: FutureWarning: DataFrameGroupBy.apply operated on the grouping columns. This behavior is deprecated, and in a future version of pandas the grouping columns will be excluded from the operation. Either pass `include_groups=False` to exclude the groupings or explicitly select the grouping columns after groupby to silence this warning.
  df = df.groupby("server_id", group_keys=False).apply(lambda g: _rolling_features(g, "cpu_utilization", roll_windows))
D:\ml project -mlflow-models comp\src\forecasting\features.py:31: FutureWarning: DataFrameGroupBy.apply operated on the grouping columns. This behavior is deprecated, and in a future version of pandas the grouping columns will be excluded from the operation. Either pass `include_groups=False` to exclude the groupings or explicitly select the grouping columns after groupby to silence this warning.
  df = df.groupby("server_id", group_keys=False).apply(lambda g: _lag_features(g, "cpu_utilization", lag_cols))
D:\ml project -mlflow-models comp\src\forecasting\features.py:32: FutureWarning: DataFrameGroupBy.apply operated on the grouping columns. This behavior is deprecated, and in a future version of pandas the grouping columns will be excluded from the operation. Either pass `include_groups=False` to exclude the groupings or explicitly select the grouping columns after groupby to silence this warning.
  df = df.groupby("server_id", group_keys=False).apply(lambda g: _rolling_features(g, "cpu_utilization", roll_windows))
D:\ml project -mlflow-models comp\src\forecasting\features.py:31: FutureWarning: DataFrameGroupBy.apply operated on the grouping columns. This behavior is deprecated, and in a future version of pandas the grouping columns will be excluded from the operation. Either pass `include_groups=False` to exclude the groupings or explicitly select the grouping columns after groupby to silence this warning.
  df = df.groupby("server_id", group_keys=False).apply(lambda g: _lag_features(g, "cpu_utilization", lag_cols))
D:\ml project -mlflow-models comp\src\forecasting\features.py:32: FutureWarning: DataFrameGroupBy.apply operated on the grouping columns. This behavior is deprecated, and in a future version of pandas the grouping columns will be excluded from the operation. Either pass `include_groups=False` to exclude the groupings or explicitly select the grouping columns after groupby to silence this warning.
  df = df.groupby("server_id", group_keys=False).apply(lambda g: _rolling_features(g, "cpu_utilization", roll_windows))
D:\ml project -mlflow-models comp\src\forecasting\features.py:31: FutureWarning: DataFrameGroupBy.apply operated on the grouping columns. This behavior is deprecated, and in a future version of pandas the grouping columns will be excluded from the operation. Either pass `include_groups=False` to exclude the groupings or explicitly select the grouping columns after groupby to silence this warning.
  df = df.groupby("server_id", group_keys=False).apply(lambda g: _lag_features(g, "cpu_utilization", lag_cols))
D:\ml project -mlflow-models comp\src\forecasting\features.py:32: FutureWarning: DataFrameGroupBy.apply operated on the grouping columns. This behavior is deprecated, and in a future version of pandas the grouping columns will be excluded from the operation. Either pass `include_groups=False` to exclude the groupings or explicitly select the grouping columns after groupby to silence this warning.
  df = df.groupby("server_id", group_keys=False).apply(lambda g: _rolling_features(g, "cpu_utilization", roll_windows))
D:\ml project -mlflow-models comp\src\forecasting\features.py:31: FutureWarning: DataFrameGroupBy.apply operated on the grouping columns. This behavior is deprecated, and in a future version of pandas the grouping columns will be excluded from the operation. Either pass `include_groups=False` to exclude the groupings or explicitly select the grouping columns after groupby to silence this warning.
  df = df.groupby("server_id", group_keys=False).apply(lambda g: _lag_features(g, "cpu_utilization", lag_cols))
D:\ml project -mlflow-models comp\src\forecasting\features.py:32: FutureWarning: DataFrameGroupBy.apply operated on the grouping columns. This behavior is deprecated, and in a future version of pandas the grouping columns will be excluded from the operation. Either pass `include_groups=False` to exclude the groupings or explicitly select the grouping columns after groupby to silence this warning.
  df = df.groupby("server_id", group_keys=False).apply(lambda g: _rolling_features(g, "cpu_utilization", roll_windows))
D:\ml project -mlflow-models comp\src\forecasting\features.py:31: FutureWarning: DataFrameGroupBy.apply operated on the grouping columns. This behavior is deprecated, and in a future version of pandas the grouping columns will be excluded from the operation. Either pass `include_groups=False` to exclude the groupings or explicitly select the grouping columns after groupby to silence this warning.
  df = df.groupby("server_id", group_keys=False).apply(lambda g: _lag_features(g, "cpu_utilization", lag_cols))
D:\ml project -mlflow-models comp\src\forecasting\features.py:32: FutureWarning: DataFrameGroupBy.apply operated on the grouping columns. This behavior is deprecated, and in a future version of pandas the grouping columns will be excluded from the operation. Either pass `include_groups=False` to exclude the groupings or explicitly select the grouping columns after groupby to silence this warning.
  df = df.groupby("server_id", group_keys=False).apply(lambda g: _rolling_features(g, "cpu_utilization", roll_windows))
D:\ml project -mlflow-models comp\src\forecasting\features.py:31: FutureWarning: DataFrameGroupBy.apply operated on the grouping columns. This behavior is deprecated, and in a future version of pandas the grouping columns will be excluded from the operation. Either pass `include_groups=False` to exclude the groupings or explicitly select the grouping columns after groupby to silence this warning.
  df = df.groupby("server_id", group_keys=False).apply(lambda g: _lag_features(g, "cpu_utilization", lag_cols))
D:\ml project -mlflow-models comp\src\forecasting\features.py:32: FutureWarning: DataFrameGroupBy.apply operated on the grouping columns. This behavior is deprecated, and in a future version of pandas the grouping columns will be excluded from the operation. Either pass `include_groups=False` to exclude the groupings or explicitly select the grouping columns after groupby to silence this warning.
  df = df.groupby("server_id", group_keys=False).apply(lambda g: _rolling_features(g, "cpu_utilization", roll_windows))
D:\ml project -mlflow-models comp\src\forecasting\features.py:31: FutureWarning: DataFrameGroupBy.apply operated on the grouping columns. This behavior is deprecated, and in a future version of pandas the grouping columns will be excluded from the operation. Either pass `include_groups=False` to exclude the groupings or explicitly select the grouping columns after groupby to silence this warning.
  df = df.groupby("server_id", group_keys=False).apply(lambda g: _lag_features(g, "cpu_utilization", lag_cols))
D:\ml project -mlflow-models comp\src\forecasting\features.py:32: FutureWarning: DataFrameGroupBy.apply operated on the grouping columns. This behavior is deprecated, and in a future version of pandas the grouping columns will be excluded from the operation. Either pass `include_groups=False` to exclude the groupings or explicitly select the grouping columns after groupby to silence this warning.
  df = df.groupby("server_id", group_keys=False).apply(lambda g: _rolling_features(g, "cpu_utilization", roll_windows))
D:\ml project -mlflow-models comp\src\forecasting\features.py:31: FutureWarning: DataFrameGroupBy.apply operated on the grouping columns. This behavior is deprecated, and in a future version of pandas the grouping columns will be excluded from the operation. Either pass `include_groups=False` to exclude the groupings or explicitly select the grouping columns after groupby to silence this warning.
  df = df.groupby("server_id", group_keys=False).apply(lambda g: _lag_features(g, "cpu_utilization", lag_cols))
D:\ml project -mlflow-models comp\src\forecasting\features.py:32: FutureWarning: DataFrameGroupBy.apply operated on the grouping columns. This behavior is deprecated, and in a future version of pandas the grouping columns will be excluded from the operation. Either pass `include_groups=False` to exclude the groupings or explicitly select the grouping columns after groupby to silence this warning.
  df = df.groupby("server_id", group_keys=False).apply(lambda g: _rolling_features(g, "cpu_utilization", roll_windows))
D:\ml project -mlflow-models comp\src\forecasting\features.py:31: FutureWarning: DataFrameGroupBy.apply operated on the grouping columns. This behavior is deprecated, and in a future version of pandas the grouping columns will be excluded from the operation. Either pass `include_groups=False` to exclude the groupings or explicitly select the grouping columns after groupby to silence this warning.
  df = df.groupby("server_id", group_keys=False).apply(lambda g: _lag_features(g, "cpu_utilization", lag_cols))
D:\ml project -mlflow-models comp\src\forecasting\features.py:32: FutureWarning: DataFrameGroupBy.apply operated on the grouping columns. This behavior is deprecated, and in a future version of pandas the grouping columns will be excluded from the operation. Either pass `include_groups=False` to exclude the groupings or explicitly select the grouping columns after groupby to silence this warning.
  df = df.groupby("server_id", group_keys=False).apply(lambda g: _rolling_features(g, "cpu_utilization", roll_windows))
D:\ml project -mlflow-models comp\src\forecasting\features.py:31: FutureWarning: DataFrameGroupBy.apply operated on the grouping columns. This behavior is deprecated, and in a future version of pandas the grouping columns will be excluded from the operation. Either pass `include_groups=False` to exclude the groupings or explicitly select the grouping columns after groupby to silence this warning.
  df = df.groupby("server_id", group_keys=False).apply(lambda g: _lag_features(g, "cpu_utilization", lag_cols))
D:\ml project -mlflow-models comp\src\forecasting\features.py:32: FutureWarning: DataFrameGroupBy.apply operated on the grouping columns. This behavior is deprecated, and in a future version of pandas the grouping columns will be excluded from the operation. Either pass `include_groups=False` to exclude the groupings or explicitly select the grouping columns after groupby to silence this warning.
  df = df.groupby("server_id", group_keys=False).apply(lambda g: _rolling_features(g, "cpu_utilization", roll_windows))
D:\ml project -mlflow-models comp\src\forecasting\features.py:31: FutureWarning: DataFrameGroupBy.apply operated on the grouping columns. This behavior is deprecated, and in a future version of pandas the grouping columns will be excluded from the operation. Either pass `include_groups=False` to exclude the groupings or explicitly select the grouping columns after groupby to silence this warning.
  df = df.groupby("server_id", group_keys=False).apply(lambda g: _lag_features(g, "cpu_utilization", lag_cols))
D:\ml project -mlflow-models comp\src\forecasting\features.py:32: FutureWarning: DataFrameGroupBy.apply operated on the grouping columns. This behavior is deprecated, and in a future version of pandas the grouping columns will be excluded from the operation. Either pass `include_groups=False` to exclude the groupings or explicitly select the grouping columns after groupby to silence this warning.
  df = df.groupby("server_id", group_keys=False).apply(lambda g: _rolling_features(g, "cpu_utilization", roll_windows))
D:\ml project -mlflow-models comp\src\forecasting\features.py:31: FutureWarning: DataFrameGroupBy.apply operated on the grouping columns. This behavior is deprecated, and in a future version of pandas the grouping columns will be excluded from the operation. Either pass `include_groups=False` to exclude the groupings or explicitly select the grouping columns after groupby to silence this warning.
  df = df.groupby("server_id", group_keys=False).apply(lambda g: _lag_features(g, "cpu_utilization", lag_cols))
D:\ml project -mlflow-models comp\src\forecasting\features.py:32: FutureWarning: DataFrameGroupBy.apply operated on the grouping columns. This behavior is deprecated, and in a future version of pandas the grouping columns will be excluded from the operation. Either pass `include_groups=False` to exclude the groupings or explicitly select the grouping columns after groupby to silence this warning.
  df = df.groupby("server_id", group_keys=False).apply(lambda g: _rolling_features(g, "cpu_utilization", roll_windows))
D:\ml project -mlflow-models comp\src\forecasting\features.py:31: FutureWarning: DataFrameGroupBy.apply operated on the grouping columns. This behavior is deprecated, and in a future version of pandas the grouping columns will be excluded from the operation. Either pass `include_groups=False` to exclude the groupings or explicitly select the grouping columns after groupby to silence this warning.
  df = df.groupby("server_id", group_keys=False).apply(lambda g: _lag_features(g, "cpu_utilization", lag_cols))
D:\ml project -mlflow-models comp\src\forecasting\features.py:32: FutureWarning: DataFrameGroupBy.apply operated on the grouping columns. This behavior is deprecated, and in a future version of pandas the grouping columns will be excluded from the operation. Either pass `include_groups=False` to exclude the groupings or explicitly select the grouping columns after groupby to silence this warning.
  df = df.groupby("server_id", group_keys=False).apply(lambda g: _rolling_features(g, "cpu_utilization", roll_windows))
D:\ml project -mlflow-models comp\src\forecasting\features.py:31: FutureWarning: DataFrameGroupBy.apply operated on the grouping columns. This behavior is deprecated, and in a future version of pandas the grouping columns will be excluded from the operation. Either pass `include_groups=False` to exclude the groupings or explicitly select the grouping columns after groupby to silence this warning.
  df = df.groupby("server_id", group_keys=False).apply(lambda g: _lag_features(g, "cpu_utilization", lag_cols))
D:\ml project -mlflow-models comp\src\forecasting\features.py:32: FutureWarning: DataFrameGroupBy.apply operated on the grouping columns. This behavior is deprecated, and in a future version of pandas the grouping columns will be excluded from the operation. Either pass `include_groups=False` to exclude the groupings or explicitly select the grouping columns after groupby to silence this warning.
  df = df.groupby("server_id", group_keys=False).apply(lambda g: _rolling_features(g, "cpu_utilization", roll_windows))
D:\ml project -mlflow-models comp\src\forecasting\features.py:31: FutureWarning: DataFrameGroupBy.apply operated on the grouping columns. This behavior is deprecated, and in a future version of pandas the grouping columns will be excluded from the operation. Either pass `include_groups=False` to exclude the groupings or explicitly select the grouping columns after groupby to silence this warning.
  df = df.groupby("server_id", group_keys=False).apply(lambda g: _lag_features(g, "cpu_utilization", lag_cols))
D:\ml project -mlflow-models comp\src\forecasting\features.py:32: FutureWarning: DataFrameGroupBy.apply operated on the grouping columns. This behavior is deprecated, and in a future version of pandas the grouping columns will be excluded from the operation. Either pass `include_groups=False` to exclude the groupings or explicitly select the grouping columns after groupby to silence this warning.
  df = df.groupby("server_id", group_keys=False).apply(lambda g: _rolling_features(g, "cpu_utilization", roll_windows))
D:\ml project -mlflow-models comp\src\forecasting\features.py:31: FutureWarning: DataFrameGroupBy.apply operated on the grouping columns. This behavior is deprecated, and in a future version of pandas the grouping columns will be excluded from the operation. Either pass `include_groups=False` to exclude the groupings or explicitly select the grouping columns after groupby to silence this warning.
  df = df.groupby("server_id", group_keys=False).apply(lambda g: _lag_features(g, "cpu_utilization", lag_cols))
D:\ml project -mlflow-models comp\src\forecasting\features.py:32: FutureWarning: DataFrameGroupBy.apply operated on the grouping columns. This behavior is deprecated, and in a future version of pandas the grouping columns will be excluded from the operation. Either pass `include_groups=False` to exclude the groupings or explicitly select the grouping columns after groupby to silence this warning.
  df = df.groupby("server_id", group_keys=False).apply(lambda g: _rolling_features(g, "cpu_utilization", roll_windows))
D:\ml project -mlflow-models comp\src\forecasting\features.py:31: FutureWarning: DataFrameGroupBy.apply operated on the grouping columns. This behavior is deprecated, and in a future version of pandas the grouping columns will be excluded from the operation. Either pass `include_groups=False` to exclude the groupings or explicitly select the grouping columns after groupby to silence this warning.
  df = df.groupby("server_id", group_keys=False).apply(lambda g: _lag_features(g, "cpu_utilization", lag_cols))
D:\ml project -mlflow-models comp\src\forecasting\features.py:32: FutureWarning: DataFrameGroupBy.apply operated on the grouping columns. This behavior is deprecated, and in a future version of pandas the grouping columns will be excluded from the operation. Either pass `include_groups=False` to exclude the groupings or explicitly select the grouping columns after groupby to silence this warning.
  df = df.groupby("server_id", group_keys=False).apply(lambda g: _rolling_features(g, "cpu_utilization", roll_windows))
D:\ml project -mlflow-models comp\src\forecasting\features.py:31: FutureWarning: DataFrameGroupBy.apply operated on the grouping columns. This behavior is deprecated, and in a future version of pandas the grouping columns will be excluded from the operation. Either pass `include_groups=False` to exclude the groupings or explicitly select the grouping columns after groupby to silence this warning.
  df = df.groupby("server_id", group_keys=False).apply(lambda g: _lag_features(g, "cpu_utilization", lag_cols))
D:\ml project -mlflow-models comp\src\forecasting\features.py:32: FutureWarning: DataFrameGroupBy.apply operated on the grouping columns. This behavior is deprecated, and in a future version of pandas the grouping columns will be excluded from the operation. Either pass `include_groups=False` to exclude the groupings or explicitly select the grouping columns after groupby to silence this warning.
  df = df.groupby("server_id", group_keys=False).apply(lambda g: _rolling_features(g, "cpu_utilization", roll_windows))
D:\ml project -mlflow-models comp\src\forecasting\features.py:31: FutureWarning: DataFrameGroupBy.apply operated on the grouping columns. This behavior is deprecated, and in a future version of pandas the grouping columns will be excluded from the operation. Either pass `include_groups=False` to exclude the groupings or explicitly select the grouping columns after groupby to silence this warning.
  df = df.groupby("server_id", group_keys=False).apply(lambda g: _lag_features(g, "cpu_utilization", lag_cols))
D:\ml project -mlflow-models comp\src\forecasting\features.py:32: FutureWarning: DataFrameGroupBy.apply operated on the grouping columns. This behavior is deprecated, and in a future version of pandas the grouping columns will be excluded from the operation. Either pass `include_groups=False` to exclude the groupings or explicitly select the grouping columns after groupby to silence this warning.
  df = df.groupby("server_id", group_keys=False).apply(lambda g: _rolling_features(g, "cpu_utilization", roll_windows))
D:\ml project -mlflow-models comp\src\forecasting\features.py:31: FutureWarning: DataFrameGroupBy.apply operated on the grouping columns. This behavior is deprecated, and in a future version of pandas the grouping columns will be excluded from the operation. Either pass `include_groups=False` to exclude the groupings or explicitly select the grouping columns after groupby to silence this warning.
  df = df.groupby("server_id", group_keys=False).apply(lambda g: _lag_features(g, "cpu_utilization", lag_cols))
D:\ml project -mlflow-models comp\src\forecasting\features.py:32: FutureWarning: DataFrameGroupBy.apply operated on the grouping columns. This behavior is deprecated, and in a future version of pandas the grouping columns will be excluded from the operation. Either pass `include_groups=False` to exclude the groupings or explicitly select the grouping columns after groupby to silence this warning.
  df = df.groupby("server_id", group_keys=False).apply(lambda g: _rolling_features(g, "cpu_utilization", roll_windows))
D:\ml project -mlflow-models comp\src\forecasting\features.py:31: FutureWarning: DataFrameGroupBy.apply operated on the grouping columns. This behavior is deprecated, and in a future version of pandas the grouping columns will be excluded from the operation. Either pass `include_groups=False` to exclude the groupings or explicitly select the grouping columns after groupby to silence this warning.
  df = df.groupby("server_id", group_keys=False).apply(lambda g: _lag_features(g, "cpu_utilization", lag_cols))
D:\ml project -mlflow-models comp\src\forecasting\features.py:32: FutureWarning: DataFrameGroupBy.apply operated on the grouping columns. This behavior is deprecated, and in a future version of pandas the grouping columns will be excluded from the operation. Either pass `include_groups=False` to exclude the groupings or explicitly select the grouping columns after groupby to silence this warning.
  df = df.groupby("server_id", group_keys=False).apply(lambda g: _rolling_features(g, "cpu_utilization", roll_windows))
D:\ml project -mlflow-models comp\src\forecasting\features.py:31: FutureWarning: DataFrameGroupBy.apply operated on the grouping columns. This behavior is deprecated, and in a future version of pandas the grouping columns will be excluded from the operation. Either pass `include_groups=False` to exclude the groupings or explicitly select the grouping columns after groupby to silence this warning.
  df = df.groupby("server_id", group_keys=False).apply(lambda g: _lag_features(g, "cpu_utilization", lag_cols))
D:\ml project -mlflow-models comp\src\forecasting\features.py:32: FutureWarning: DataFrameGroupBy.apply operated on the grouping columns. This behavior is deprecated, and in a future version of pandas the grouping columns will be excluded from the operation. Either pass `include_groups=False` to exclude the groupings or explicitly select the grouping columns after groupby to silence this warning.
  df = df.groupby("server_id", group_keys=False).apply(lambda g: _rolling_features(g, "cpu_utilization", roll_windows))
D:\ml project -mlflow-models comp\src\forecasting\features.py:31: FutureWarning: DataFrameGroupBy.apply operated on the grouping columns. This behavior is deprecated, and in a future version of pandas the grouping columns will be excluded from the operation. Either pass `include_groups=False` to exclude the groupings or explicitly select the grouping columns after groupby to silence this warning.
  df = df.groupby("server_id", group_keys=False).apply(lambda g: _lag_features(g, "cpu_utilization", lag_cols))
D:\ml project -mlflow-models comp\src\forecasting\features.py:32: FutureWarning: DataFrameGroupBy.apply operated on the grouping columns. This behavior is deprecated, and in a future version of pandas the grouping columns will be excluded from the operation. Either pass `include_groups=False` to exclude the groupings or explicitly select the grouping columns after groupby to silence this warning.
  df = df.groupby("server_id", group_keys=False).apply(lambda g: _rolling_features(g, "cpu_utilization", roll_windows))
D:\ml project -mlflow-models comp\src\forecasting\features.py:31: FutureWarning: DataFrameGroupBy.apply operated on the grouping columns. This behavior is deprecated, and in a future version of pandas the grouping columns will be excluded from the operation. Either pass `include_groups=False` to exclude the groupings or explicitly select the grouping columns after groupby to silence this warning.
  df = df.groupby("server_id", group_keys=False).apply(lambda g: _lag_features(g, "cpu_utilization", lag_cols))
D:\ml project -mlflow-models comp\src\forecasting\features.py:32: FutureWarning: DataFrameGroupBy.apply operated on the grouping columns. This behavior is deprecated, and in a future version of pandas the grouping columns will be excluded from the operation. Either pass `include_groups=False` to exclude the groupings or explicitly select the grouping columns after groupby to silence this warning.
  df = df.groupby("server_id", group_keys=False).apply(lambda g: _rolling_features(g, "cpu_utilization", roll_windows))
D:\ml project -mlflow-models comp\src\forecasting\features.py:31: FutureWarning: DataFrameGroupBy.apply operated on the grouping columns. This behavior is deprecated, and in a future version of pandas the grouping columns will be excluded from the operation. Either pass `include_groups=False` to exclude the groupings or explicitly select the grouping columns after groupby to silence this warning.
  df = df.groupby("server_id", group_keys=False).apply(lambda g: _lag_features(g, "cpu_utilization", lag_cols))
D:\ml project -mlflow-models comp\src\forecasting\features.py:32: FutureWarning: DataFrameGroupBy.apply operated on the grouping columns. This behavior is deprecated, and in a future version of pandas the grouping columns will be excluded from the operation. Either pass `include_groups=False` to exclude the groupings or explicitly select the grouping columns after groupby to silence this warning.
  df = df.groupby("server_id", group_keys=False).apply(lambda g: _rolling_features(g, "cpu_utilization", roll_windows))
D:\ml project -mlflow-models comp\src\forecasting\features.py:31: FutureWarning: DataFrameGroupBy.apply operated on the grouping columns. This behavior is deprecated, and in a future version of pandas the grouping columns will be excluded from the operation. Either pass `include_groups=False` to exclude the groupings or explicitly select the grouping columns after groupby to silence this warning.
  df = df.groupby("server_id", group_keys=False).apply(lambda g: _lag_features(g, "cpu_utilization", lag_cols))
D:\ml project -mlflow-models comp\src\forecasting\features.py:32: FutureWarning: DataFrameGroupBy.apply operated on the grouping columns. This behavior is deprecated, and in a future version of pandas the grouping columns will be excluded from the operation. Either pass `include_groups=False` to exclude the groupings or explicitly select the grouping columns after groupby to silence this warning.
  df = df.groupby("server_id", group_keys=False).apply(lambda g: _rolling_features(g, "cpu_utilization", roll_windows))
D:\ml project -mlflow-models comp\src\forecasting\features.py:31: FutureWarning: DataFrameGroupBy.apply operated on the grouping columns. This behavior is deprecated, and in a future version of pandas the grouping columns will be excluded from the operation. Either pass `include_groups=False` to exclude the groupings or explicitly select the grouping columns after groupby to silence this warning.
  df = df.groupby("server_id", group_keys=False).apply(lambda g: _lag_features(g, "cpu_utilization", lag_cols))
D:\ml project -mlflow-models comp\src\forecasting\features.py:32: FutureWarning: DataFrameGroupBy.apply operated on the grouping columns. This behavior is deprecated, and in a future version of pandas the grouping columns will be excluded from the operation. Either pass `include_groups=False` to exclude the groupings or explicitly select the grouping columns after groupby to silence this warning.
  df = df.groupby("server_id", group_keys=False).apply(lambda g: _rolling_features(g, "cpu_utilization", roll_windows))
D:\ml project -mlflow-models comp\src\forecasting\features.py:31: FutureWarning: DataFrameGroupBy.apply operated on the grouping columns. This behavior is deprecated, and in a future version of pandas the grouping columns will be excluded from the operation. Either pass `include_groups=False` to exclude the groupings or explicitly select the grouping columns after groupby to silence this warning.
  df = df.groupby("server_id", group_keys=False).apply(lambda g: _lag_features(g, "cpu_utilization", lag_cols))
D:\ml project -mlflow-models comp\src\forecasting\features.py:32: FutureWarning: DataFrameGroupBy.apply operated on the grouping columns. This behavior is deprecated, and in a future version of pandas the grouping columns will be excluded from the operation. Either pass `include_groups=False` to exclude the groupings or explicitly select the grouping columns after groupby to silence this warning.
  df = df.groupby("server_id", group_keys=False).apply(lambda g: _rolling_features(g, "cpu_utilization", roll_windows))
D:\ml project -mlflow-models comp\src\forecasting\features.py:31: FutureWarning: DataFrameGroupBy.apply operated on the grouping columns. This behavior is deprecated, and in a future version of pandas the grouping columns will be excluded from the operation. Either pass `include_groups=False` to exclude the groupings or explicitly select the grouping columns after groupby to silence this warning.
  df = df.groupby("server_id", group_keys=False).apply(lambda g: _lag_features(g, "cpu_utilization", lag_cols))
D:\ml project -mlflow-models comp\src\forecasting\features.py:32: FutureWarning: DataFrameGroupBy.apply operated on the grouping columns. This behavior is deprecated, and in a future version of pandas the grouping columns will be excluded from the operation. Either pass `include_groups=False` to exclude the groupings or explicitly select the grouping columns after groupby to silence this warning.
  df = df.groupby("server_id", group_keys=False).apply(lambda g: _rolling_features(g, "cpu_utilization", roll_windows))
D:\ml project -mlflow-models comp\src\forecasting\features.py:31: FutureWarning: DataFrameGroupBy.apply operated on the grouping columns. This behavior is deprecated, and in a future version of pandas the grouping columns will be excluded from the operation. Either pass `include_groups=False` to exclude the groupings or explicitly select the grouping columns after groupby to silence this warning.
  df = df.groupby("server_id", group_keys=False).apply(lambda g: _lag_features(g, "cpu_utilization", lag_cols))
D:\ml project -mlflow-models comp\src\forecasting\features.py:32: FutureWarning: DataFrameGroupBy.apply operated on the grouping columns. This behavior is deprecated, and in a future version of pandas the grouping columns will be excluded from the operation. Either pass `include_groups=False` to exclude the groupings or explicitly select the grouping columns after groupby to silence this warning.
  df = df.groupby("server_id", group_keys=False).apply(lambda g: _rolling_features(g, "cpu_utilization", roll_windows))
D:\ml project -mlflow-models comp\src\forecasting\features.py:31: FutureWarning: DataFrameGroupBy.apply operated on the grouping columns. This behavior is deprecated, and in a future version of pandas the grouping columns will be excluded from the operation. Either pass `include_groups=False` to exclude the groupings or explicitly select the grouping columns after groupby to silence this warning.
  df = df.groupby("server_id", group_keys=False).apply(lambda g: _lag_features(g, "cpu_utilization", lag_cols))
D:\ml project -mlflow-models comp\src\forecasting\features.py:32: FutureWarning: DataFrameGroupBy.apply operated on the grouping columns. This behavior is deprecated, and in a future version of pandas the grouping columns will be excluded from the operation. Either pass `include_groups=False` to exclude the groupings or explicitly select the grouping columns after groupby to silence this warning.
  df = df.groupby("server_id", group_keys=False).apply(lambda g: _rolling_features(g, "cpu_utilization", roll_windows))
D:\ml project -mlflow-models comp\src\forecasting\features.py:31: FutureWarning: DataFrameGroupBy.apply operated on the grouping columns. This behavior is deprecated, and in a future version of pandas the grouping columns will be excluded from the operation. Either pass `include_groups=False` to exclude the groupings or explicitly select the grouping columns after groupby to silence this warning.
  df = df.groupby("server_id", group_keys=False).apply(lambda g: _lag_features(g, "cpu_utilization", lag_cols))
D:\ml project -mlflow-models comp\src\forecasting\features.py:32: FutureWarning: DataFrameGroupBy.apply operated on the grouping columns. This behavior is deprecated, and in a future version of pandas the grouping columns will be excluded from the operation. Either pass `include_groups=False` to exclude the groupings or explicitly select the grouping columns after groupby to silence this warning.
  df = df.groupby("server_id", group_keys=False).apply(lambda g: _rolling_features(g, "cpu_utilization", roll_windows))
